// Jest Snapshot v1, https://goo.gl/fbAQLP

exports[`HomeScreen renders the home screen 1`] = `
<View
  style={
    Object {
      "backgroundColor": "#EEE",
      "flex": 1,
    }
  }
>
  <View
    style={
      Object {
        "borderBottomColor": "#CCC",
        "borderBottomWidth": 1,
        "display": "flex",
        "flexDirection": "row",
        "marginHorizontal": 20,
        "paddingVertical": 15,
      }
    }
  >
    <TextInput
      allowFontScaling={true}
      onChangeText={[Function]}
      placeholder="Adicionar novo repositÃ³rio"
      rejectResponderTermination={true}
      style={
        Object {
          "backgroundColor": "#FFF",
          "borderRadius": 5,
          "flex": 1,
          "paddingHorizontal": 10,
          "paddingVertical": 5,
        }
      }
      underlineColorAndroid="transparent"
      value=""
    />
    <View
      accessible={true}
      isTVSelectable={true}
      onResponderGrant={[Function]}
      onResponderMove={[Function]}
      onResponderRelease={[Function]}
      onResponderTerminate={[Function]}
      onResponderTerminationRequest={[Function]}
      onStartShouldSetResponder={[Function]}
      style={
        Object {
          "marginLeft": 15,
          "opacity": 1,
        }
      }
    >
      <Text />
    </View>
  </View>
  <View
    style={
      Object {
        "flex": 1,
      }
    }
  >
    <Text
      style={
        Object {
          "paddingTop": 15,
          "textAlign": "center",
        }
      }
    >
      Carregando
    </Text>
  </View>
</View>
`;
